09-07 05:42:12.211 28322 28347 I TestRunner: started: horizontal_list_button_is_displayed(com.example.dogglers.ButtonTests)
09-07 05:42:12.220 28322 28347 W Settings: Setting always_finish_activities has moved from android.provider.Settings.System to android.provider.Settings.Global, returning read-only value.
09-07 05:42:12.263   748   836 D SplashScreenView: Build android.window.SplashScreenView{58fbdea V.E...... ......ID 0,0-0,0}
09-07 05:42:12.263   748   836 D SplashScreenView: Icon: view: null drawable: null size: 0
09-07 05:42:12.263   748   836 D SplashScreenView: Branding: view: android.view.View{70d58db G.ED..... ......I. 0,0-0,0 #10204a6 android:id/splashscreen_branding_view} drawable: null size w: 0 h: 0
09-07 05:42:12.307 28322 28322 D LifecycleMonitor: Lifecycle status change: androidx.test.core.app.InstrumentationActivityInvoker$BootstrapActivity@aa57c0f in: PRE_ON_CREATE
09-07 05:42:12.307 28322 28322 V ActivityScenario: Activity lifecycle changed event received but ignored because the intent does not match. startActivityIntent=Intent { act=android.intent.action.MAIN cat=[android.intent.category.LAUNCHER] cmp=com.example.dogglers/.MainActivity }, activity.getIntent()=Intent { act=android.intent.action.MAIN cat=[android.intent.category.LAUNCHER] flg=0x10008000 cmp=com.example.dogglers/androidx.test.core.app.InstrumentationActivityInvoker$BootstrapActivity (has extras) }, activity=androidx.test.core.app.InstrumentationActivityInvoker$BootstrapActivity@aa57c0f
09-07 05:42:12.315   344  7305 D goldfish-address-space: claimShared: Ask to claim region [0x3ec62c000 0x3ecfd0000]
09-07 05:42:12.316 28322 28322 D LifecycleMonitor: Lifecycle status change: androidx.test.core.app.InstrumentationActivityInvoker$BootstrapActivity@aa57c0f in: CREATED
09-07 05:42:12.316 28322 28322 V ActivityScenario: Activity lifecycle changed event received but ignored because the intent does not match. startActivityIntent=Intent { act=android.intent.action.MAIN cat=[android.intent.category.LAUNCHER] cmp=com.example.dogglers/.MainActivity }, activity.getIntent()=Intent { act=android.intent.action.MAIN cat=[android.intent.category.LAUNCHER] flg=0x10008000 cmp=com.example.dogglers/androidx.test.core.app.InstrumentationActivityInvoker$BootstrapActivity (has extras) }, activity=androidx.test.core.app.InstrumentationActivityInvoker$BootstrapActivity@aa57c0f
09-07 05:42:12.318 28322 28322 D LifecycleMonitor: Lifecycle status change: androidx.test.core.app.InstrumentationActivityInvoker$BootstrapActivity@aa57c0f in: STARTED
09-07 05:42:12.319 28322 28322 V ActivityScenario: Activity lifecycle changed event received but ignored because the intent does not match. startActivityIntent=Intent { act=android.intent.action.MAIN cat=[android.intent.category.LAUNCHER] cmp=com.example.dogglers/.MainActivity }, activity.getIntent()=Intent { act=android.intent.action.MAIN cat=[android.intent.category.LAUNCHER] flg=0x10008000 cmp=com.example.dogglers/androidx.test.core.app.InstrumentationActivityInvoker$BootstrapActivity (has extras) }, activity=androidx.test.core.app.InstrumentationActivityInvoker$BootstrapActivity@aa57c0f
09-07 05:42:12.330 28322 28322 D LifecycleMonitor: Lifecycle status change: androidx.test.core.app.InstrumentationActivityInvoker$BootstrapActivity@aa57c0f in: RESUMED
09-07 05:42:12.331 28322 28322 V ActivityScenario: Activity lifecycle changed event received but ignored because the intent does not match. startActivityIntent=Intent { act=android.intent.action.MAIN cat=[android.intent.category.LAUNCHER] cmp=com.example.dogglers/.MainActivity }, activity.getIntent()=Intent { act=android.intent.action.MAIN cat=[android.intent.category.LAUNCHER] flg=0x10008000 cmp=com.example.dogglers/androidx.test.core.app.InstrumentationActivityInvoker$BootstrapActivity (has extras) }, activity=androidx.test.core.app.InstrumentationActivityInvoker$BootstrapActivity@aa57c0f
09-07 05:42:12.340   344  7305 D goldfish-address-space: claimShared: Ask to claim region [0x3ecfd0000 0x3ed974000]
09-07 05:42:12.344 28322 28322 D LifecycleMonitor: Lifecycle status change: androidx.test.core.app.InstrumentationActivityInvoker$BootstrapActivity@aa57c0f in: PAUSED
09-07 05:42:12.344 28322 28322 V ActivityScenario: Activity lifecycle changed event received but ignored because the intent does not match. startActivityIntent=Intent { act=android.intent.action.MAIN cat=[android.intent.category.LAUNCHER] cmp=com.example.dogglers/.MainActivity }, activity.getIntent()=Intent { act=android.intent.action.MAIN cat=[android.intent.category.LAUNCHER] flg=0x10008000 cmp=com.example.dogglers/androidx.test.core.app.InstrumentationActivityInvoker$BootstrapActivity (has extras) }, activity=androidx.test.core.app.InstrumentationActivityInvoker$BootstrapActivity@aa57c0f
09-07 05:42:12.351   344  7305 D goldfish-address-space: claimShared: Ask to claim region [0x3ed974000 0x3ee318000]
09-07 05:42:12.390  1479  1479 I GsaVoiceInteractionSrv: Handling ACTION_STOP_HOTWORD
09-07 05:42:12.391 28322 28322 D LifecycleMonitor: Lifecycle status change: com.example.dogglers.MainActivity@421e021 in: PRE_ON_CREATE
09-07 05:42:12.391 28322 28322 V ActivityScenario: Activity lifecycle changed event received but ignored because the reported transition was not ON_CREATE while the last known transition was PRE_ON_CREATE
09-07 05:42:12.393  1479  1479 E HwDetectorWithState: a: 3
09-07 05:42:12.453 28322 28322 D LifecycleMonitor: Lifecycle status change: com.example.dogglers.MainActivity@421e021 in: CREATED
09-07 05:42:12.453 28322 28322 V ActivityScenario: Update currentActivityStage to CREATED, currentActivity=com.example.dogglers.MainActivity@421e021
09-07 05:42:12.455 28322 28322 D LifecycleMonitor: Lifecycle status change: com.example.dogglers.MainActivity@421e021 in: STARTED
09-07 05:42:12.458 28322 28322 V ActivityScenario: Update currentActivityStage to STARTED, currentActivity=com.example.dogglers.MainActivity@421e021
09-07 05:42:12.459 28322 28322 D LifecycleMonitor: Lifecycle status change: com.example.dogglers.MainActivity@421e021 in: RESUMED
09-07 05:42:12.460 28322 28322 V ActivityScenario: Update currentActivityStage to RESUMED, currentActivity=com.example.dogglers.MainActivity@421e021
09-07 05:42:12.483 28322 28322 D LifecycleMonitor: Lifecycle status change: androidx.test.core.app.InstrumentationActivityInvoker$BootstrapActivity@aa57c0f in: STOPPED
09-07 05:42:12.483 28322 28322 V ActivityScenario: Activity lifecycle changed event received but ignored because the intent does not match. startActivityIntent=Intent { act=android.intent.action.MAIN cat=[android.intent.category.LAUNCHER] cmp=com.example.dogglers/.MainActivity }, activity.getIntent()=Intent { act=android.intent.action.MAIN cat=[android.intent.category.LAUNCHER] flg=0x10008000 cmp=com.example.dogglers/androidx.test.core.app.InstrumentationActivityInvoker$BootstrapActivity (has extras) }, activity=androidx.test.core.app.InstrumentationActivityInvoker$BootstrapActivity@aa57c0f
09-07 05:42:12.518   344  7305 D goldfish-address-space: claimShared: Ask to claim region [0x3ee318000 0x3eecbc000]
09-07 05:42:12.526   344  7305 D goldfish-address-space: claimShared: Ask to claim region [0x3eecbc000 0x3ef660000]
09-07 05:42:12.534   344  7305 D goldfish-address-space: claimShared: Ask to claim region [0x3f062c000 0x3f0fd0000]
09-07 05:42:12.557   548   579 I ActivityTaskManager: Displayed com.example.dogglers/.MainActivity: +316ms
09-07 05:42:12.598  1328  1328 I GoogleInputMethodService: GoogleInputMethodService.onFinishInput():3420
09-07 05:42:12.598  1328  1328 I GoogleInputMethodService: GoogleInputMethodService.onStartInput():2002
09-07 05:42:12.600  1328  1328 I DeviceUnlockedTag: DeviceUnlockedTag.notifyDeviceLockStatusChanged():31 Notify device unlocked.
09-07 05:42:12.668 28322 28322 I ViewInteraction: Checking 'MatchesViewAssertion{viewMatcher=(view has effective visibility <VISIBLE> and view.getGlobalVisibleRect() to return non-empty rectangle)}' assertion on view view.getId() is <2131230947/com.example.dogglers:id/horizontal_btn>
09-07 05:42:12.708  1735  1735 I A       : onApplyWindowInsets: systemWindowInsets=Insets{left=0, top=145, right=0, bottom=132}
09-07 05:42:12.714  1735  1735 I A       : onApplyWindowInsets: Adjusting for display cutouts. Safe insets: left=0, top=136, right=0, bottom=0
09-07 05:42:12.716  1735  1735 I A       : onApplyWindowInsets: systemWindowInsets=Insets{left=0, top=145, right=0, bottom=132}
09-07 05:42:12.752 28322 28322 D LifecycleMonitor: Lifecycle status change: com.example.dogglers.MainActivity@421e021 in: PAUSED
09-07 05:42:12.753 28322 28322 V ActivityScenario: Update currentActivityStage to PAUSED, currentActivity=com.example.dogglers.MainActivity@421e021
09-07 05:42:12.785   748   842 D EGL_emulation: app_time_stats: avg=101.92ms min=19.10ms max=510.98ms count=10
09-07 05:42:12.793 28322 28322 D LifecycleMonitor: Lifecycle status change: androidx.test.core.app.InstrumentationActivityInvoker$EmptyActivity@30e8866 in: PRE_ON_CREATE
09-07 05:42:12.794 28322 28322 V ActivityScenario: Activity lifecycle changed event received but ignored because the intent does not match. startActivityIntent=Intent { act=android.intent.action.MAIN cat=[android.intent.category.LAUNCHER] cmp=com.example.dogglers/.MainActivity }, activity.getIntent()=Intent { act=android.intent.action.MAIN cat=[android.intent.category.LAUNCHER] flg=0x10000000 cmp=com.example.dogglers/androidx.test.core.app.InstrumentationActivityInvoker$EmptyActivity }, activity=androidx.test.core.app.InstrumentationActivityInvoker$EmptyActivity@30e8866
09-07 05:42:12.804 28322 28322 D LifecycleMonitor: Lifecycle status change: androidx.test.core.app.InstrumentationActivityInvoker$EmptyActivity@30e8866 in: CREATED
09-07 05:42:12.805 28322 28322 V ActivityScenario: Activity lifecycle changed event received but ignored because the intent does not match. startActivityIntent=Intent { act=android.intent.action.MAIN cat=[android.intent.category.LAUNCHER] cmp=com.example.dogglers/.MainActivity }, activity.getIntent()=Intent { act=android.intent.action.MAIN cat=[android.intent.category.LAUNCHER] flg=0x10000000 cmp=com.example.dogglers/androidx.test.core.app.InstrumentationActivityInvoker$EmptyActivity }, activity=androidx.test.core.app.InstrumentationActivityInvoker$EmptyActivity@30e8866
09-07 05:42:12.812 28322 28322 D LifecycleMonitor: Lifecycle status change: androidx.test.core.app.InstrumentationActivityInvoker$EmptyActivity@30e8866 in: STARTED
09-07 05:42:12.812 28322 28322 V ActivityScenario: Activity lifecycle changed event received but ignored because the intent does not match. startActivityIntent=Intent { act=android.intent.action.MAIN cat=[android.intent.category.LAUNCHER] cmp=com.example.dogglers/.MainActivity }, activity.getIntent()=Intent { act=android.intent.action.MAIN cat=[android.intent.category.LAUNCHER] flg=0x10000000 cmp=com.example.dogglers/androidx.test.core.app.InstrumentationActivityInvoker$EmptyActivity }, activity=androidx.test.core.app.InstrumentationActivityInvoker$EmptyActivity@30e8866
09-07 05:42:12.816 28322 28322 D LifecycleMonitor: Lifecycle status change: androidx.test.core.app.InstrumentationActivityInvoker$EmptyActivity@30e8866 in: RESUMED
09-07 05:42:12.816 28322 28322 V ActivityScenario: Activity lifecycle changed event received but ignored because the intent does not match. startActivityIntent=Intent { act=android.intent.action.MAIN cat=[android.intent.category.LAUNCHER] cmp=com.example.dogglers/.MainActivity }, activity.getIntent()=Intent { act=android.intent.action.MAIN cat=[android.intent.category.LAUNCHER] flg=0x10000000 cmp=com.example.dogglers/androidx.test.core.app.InstrumentationActivityInvoker$EmptyActivity }, activity=androidx.test.core.app.InstrumentationActivityInvoker$EmptyActivity@30e8866
09-07 05:42:12.845   344  7305 D goldfish-address-space: claimShared: Ask to claim region [0x3f0fd0000 0x3f1974000]
09-07 05:42:12.855   344  7305 D goldfish-address-space: claimShared: Ask to claim region [0x3f1974000 0x3f2318000]
09-07 05:42:12.857   344   384 D goldfish-address-space: claimShared: Ask to claim region [0x3f4000000 0x3f49a4000]
09-07 05:42:12.869   548   583 W InputManager-JNI: Input channel object 'a529509 Splash Screen com.example.dogglers (client)' was disposed without first being removed with the input manager!
09-07 05:42:12.873   548   579 I ActivityTaskManager: Displayed com.example.dogglers/androidx.test.core.app.InstrumentationActivityInvoker$EmptyActivity: +136ms
09-07 05:42:12.918 28322 28322 D LifecycleMonitor: Lifecycle status change: com.example.dogglers.MainActivity@421e021 in: STOPPED
09-07 05:42:12.918 28322 28322 V ActivityScenario: Update currentActivityStage to STOPPED, currentActivity=com.example.dogglers.MainActivity@421e021
09-07 05:42:12.920 28322 28322 D LifecycleMonitor: Lifecycle status change: com.example.dogglers.MainActivity@421e021 in: DESTROYED
09-07 05:42:12.920 28322 28322 V ActivityScenario: Update currentActivityStage to DESTROYED, currentActivity=null
09-07 05:42:12.933   548  1658 W InputManager-JNI: Input channel object 'a3bded com.example.dogglers/com.example.dogglers.MainActivity (client)' was disposed without first being removed with the input manager!
09-07 05:42:12.942  1328  1328 I GoogleInputMethodService: GoogleInputMethodService.onFinishInput():3420
09-07 05:42:12.945  1328  1328 I GoogleInputMethodService: GoogleInputMethodService.onStartInput():2002
09-07 05:42:12.948  1328  1328 I DeviceUnlockedTag: DeviceUnlockedTag.notifyDeviceLockStatusChanged():31 Notify device unlocked.
09-07 05:42:12.958 28322 28322 D LifecycleMonitor: Lifecycle status change: androidx.test.core.app.InstrumentationActivityInvoker$EmptyActivity@30e8866 in: PAUSED
09-07 05:42:12.958 28322 28322 V ActivityScenario: Activity lifecycle changed event received but ignored because the intent does not match. startActivityIntent=Intent { act=android.intent.action.MAIN cat=[android.intent.category.LAUNCHER] cmp=com.example.dogglers/.MainActivity }, activity.getIntent()=Intent { act=android.intent.action.MAIN cat=[android.intent.category.LAUNCHER] flg=0x10000000 cmp=com.example.dogglers/androidx.test.core.app.InstrumentationActivityInvoker$EmptyActivity }, activity=androidx.test.core.app.InstrumentationActivityInvoker$EmptyActivity@30e8866
09-07 05:42:12.983 28322 28322 D LifecycleMonitor: Lifecycle status change: androidx.test.core.app.InstrumentationActivityInvoker$BootstrapActivity@aa57c0f in: DESTROYED
09-07 05:42:12.983 28322 28322 V ActivityScenario: Activity lifecycle changed event received but ignored because the intent does not match. startActivityIntent=Intent { act=android.intent.action.MAIN cat=[android.intent.category.LAUNCHER] cmp=com.example.dogglers/.MainActivity }, activity.getIntent()=Intent { act=android.intent.action.MAIN cat=[android.intent.category.LAUNCHER] flg=0x10008000 cmp=com.example.dogglers/androidx.test.core.app.InstrumentationActivityInvoker$BootstrapActivity (has extras) }, activity=androidx.test.core.app.InstrumentationActivityInvoker$BootstrapActivity@aa57c0f
09-07 05:42:12.995 28322 28322 D LifecycleMonitor: Lifecycle status change: androidx.test.core.app.InstrumentationActivityInvoker$EmptyActivity@6a4dbbb in: PRE_ON_CREATE
09-07 05:42:12.995 28322 28322 V ActivityScenario: Activity lifecycle changed event received but ignored because the intent does not match. startActivityIntent=Intent { act=android.intent.action.MAIN cat=[android.intent.category.LAUNCHER] cmp=com.example.dogglers/.MainActivity }, activity.getIntent()=Intent { act=android.intent.action.MAIN cat=[android.intent.category.LAUNCHER] flg=0x10000000 cmp=com.example.dogglers/androidx.test.core.app.InstrumentationActivityInvoker$EmptyActivity }, activity=androidx.test.core.app.InstrumentationActivityInvoker$EmptyActivity@6a4dbbb
09-07 05:42:13.001 28322 28322 D LifecycleMonitor: Lifecycle status change: androidx.test.core.app.InstrumentationActivityInvoker$EmptyActivity@6a4dbbb in: CREATED
09-07 05:42:13.004 28322 28322 V ActivityScenario: Activity lifecycle changed event received but ignored because the intent does not match. startActivityIntent=Intent { act=android.intent.action.MAIN cat=[android.intent.category.LAUNCHER] cmp=com.example.dogglers/.MainActivity }, activity.getIntent()=Intent { act=android.intent.action.MAIN cat=[android.intent.category.LAUNCHER] flg=0x10000000 cmp=com.example.dogglers/androidx.test.core.app.InstrumentationActivityInvoker$EmptyActivity }, activity=androidx.test.core.app.InstrumentationActivityInvoker$EmptyActivity@6a4dbbb
09-07 05:42:13.006 28322 28322 D LifecycleMonitor: Lifecycle status change: androidx.test.core.app.InstrumentationActivityInvoker$EmptyActivity@6a4dbbb in: STARTED
09-07 05:42:13.006 28322 28322 V ActivityScenario: Activity lifecycle changed event received but ignored because the intent does not match. startActivityIntent=Intent { act=android.intent.action.MAIN cat=[android.intent.category.LAUNCHER] cmp=com.example.dogglers/.MainActivity }, activity.getIntent()=Intent { act=android.intent.action.MAIN cat=[android.intent.category.LAUNCHER] flg=0x10000000 cmp=com.example.dogglers/androidx.test.core.app.InstrumentationActivityInvoker$EmptyActivity }, activity=androidx.test.core.app.InstrumentationActivityInvoker$EmptyActivity@6a4dbbb
09-07 05:42:13.012 28322 28322 D LifecycleMonitor: Lifecycle status change: androidx.test.core.app.InstrumentationActivityInvoker$EmptyActivity@6a4dbbb in: RESUMED
09-07 05:42:13.012 28322 28322 V ActivityScenario: Activity lifecycle changed event received but ignored because the intent does not match. startActivityIntent=Intent { act=android.intent.action.MAIN cat=[android.intent.category.LAUNCHER] cmp=com.example.dogglers/.MainActivity }, activity.getIntent()=Intent { act=android.intent.action.MAIN cat=[android.intent.category.LAUNCHER] flg=0x10000000 cmp=com.example.dogglers/androidx.test.core.app.InstrumentationActivityInvoker$EmptyActivity }, activity=androidx.test.core.app.InstrumentationActivityInvoker$EmptyActivity@6a4dbbb
09-07 05:42:13.037   344   384 D goldfish-address-space: claimShared: Ask to claim region [0x3ec62c000 0x3ecfd0000]
09-07 05:42:13.049   344   384 D goldfish-address-space: claimShared: Ask to claim region [0x3ecfd0000 0x3ed974000]
09-07 05:42:13.053   344   384 D goldfish-address-space: claimShared: Ask to claim region [0x3ed974000 0x3ee318000]
09-07 05:42:13.071   548   579 I ActivityTaskManager: Displayed com.example.dogglers/androidx.test.core.app.InstrumentationActivityInvoker$EmptyActivity: +145ms
09-07 05:42:13.098 28322 28322 D LifecycleMonitor: Lifecycle status change: androidx.test.core.app.InstrumentationActivityInvoker$EmptyActivity@30e8866 in: STOPPED
09-07 05:42:13.098 28322 28322 V ActivityScenario: Activity lifecycle changed event received but ignored because the intent does not match. startActivityIntent=Intent { act=android.intent.action.MAIN cat=[android.intent.category.LAUNCHER] cmp=com.example.dogglers/.MainActivity }, activity.getIntent()=Intent { act=android.intent.action.MAIN cat=[android.intent.category.LAUNCHER] flg=0x10000000 cmp=com.example.dogglers/androidx.test.core.app.InstrumentationActivityInvoker$EmptyActivity }, activity=androidx.test.core.app.InstrumentationActivityInvoker$EmptyActivity@30e8866
09-07 05:42:13.102  1328  1328 I GoogleInputMethodService: GoogleInputMethodService.onFinishInput():3420
09-07 05:42:13.103  1328  1328 I GoogleInputMethodService: GoogleInputMethodService.onStartInput():2002
09-07 05:42:13.103  1328  1328 I DeviceUnlockedTag: DeviceUnlockedTag.notifyDeviceLockStatusChanged():31 Notify device unlocked.
09-07 05:42:13.122   344   384 D goldfish-address-space: claimShared: Ask to claim region [0x3ee318000 0x3ee944000]
09-07 05:42:13.143 28322 28322 D LifecycleMonitor: Lifecycle status change: androidx.test.core.app.InstrumentationActivityInvoker$EmptyActivity@30e8866 in: DESTROYED
09-07 05:42:13.143 28322 28322 V ActivityScenario: Activity lifecycle changed event received but ignored because the intent does not match. startActivityIntent=Intent { act=android.intent.action.MAIN cat=[android.intent.category.LAUNCHER] cmp=com.example.dogglers/.MainActivity }, activity.getIntent()=Intent { act=android.intent.action.MAIN cat=[android.intent.category.LAUNCHER] flg=0x10000000 cmp=com.example.dogglers/androidx.test.core.app.InstrumentationActivityInvoker$EmptyActivity }, activity=androidx.test.core.app.InstrumentationActivityInvoker$EmptyActivity@30e8866
09-07 05:42:13.154   548  3286 W InputManager-JNI: Input channel object 'f3ef2d0 com.example.dogglers/androidx.test.core.app.InstrumentationActivityInvoker$EmptyActivity (client)' was disposed without first being removed with the input manager!
09-07 05:42:13.161 28322 28322 D LifecycleMonitor: Lifecycle status change: androidx.test.core.app.InstrumentationActivityInvoker$EmptyActivity@6a4dbbb in: PAUSED
09-07 05:42:13.162 28322 28322 V ActivityScenario: Activity lifecycle changed event received but ignored because the intent does not match. startActivityIntent=Intent { act=android.intent.action.MAIN cat=[android.intent.category.LAUNCHER] cmp=com.example.dogglers/.MainActivity }, activity.getIntent()=Intent { act=android.intent.action.MAIN cat=[android.intent.category.LAUNCHER] flg=0x10000000 cmp=com.example.dogglers/androidx.test.core.app.InstrumentationActivityInvoker$EmptyActivity }, activity=androidx.test.core.app.InstrumentationActivityInvoker$EmptyActivity@6a4dbbb
09-07 05:42:13.186 28322 28347 I TestRunner: finished: horizontal_list_button_is_displayed(com.example.dogglers.ButtonTests)
