09-07 05:42:06.419 28322 28347 I TestRunner: started: clicking_grid_list_button_displays_grid_list(com.example.dogglers.ButtonTests)
09-07 05:42:06.426 28322 28347 W Settings: Setting always_finish_activities has moved from android.provider.Settings.System to android.provider.Settings.Global, returning read-only value.
09-07 05:42:06.454   748   836 D SplashScreenView: Build android.window.SplashScreenView{5ca61e5 V.E...... ......ID 0,0-0,0}
09-07 05:42:06.454   748   836 D SplashScreenView: Icon: view: null drawable: null size: 0
09-07 05:42:06.454   748   836 D SplashScreenView: Branding: view: android.view.View{d1da4ba G.ED..... ......I. 0,0-0,0 #10204a6 android:id/splashscreen_branding_view} drawable: null size w: 0 h: 0
09-07 05:42:06.481 28322 28322 D LifecycleMonitor: Lifecycle status change: androidx.test.core.app.InstrumentationActivityInvoker$BootstrapActivity@7e1282 in: PRE_ON_CREATE
09-07 05:42:06.482 28322 28322 V ActivityScenario: Activity lifecycle changed event received but ignored because the intent does not match. startActivityIntent=Intent { act=android.intent.action.MAIN cat=[android.intent.category.LAUNCHER] cmp=com.example.dogglers/.MainActivity }, activity.getIntent()=Intent { act=android.intent.action.MAIN cat=[android.intent.category.LAUNCHER] flg=0x10008000 cmp=com.example.dogglers/androidx.test.core.app.InstrumentationActivityInvoker$BootstrapActivity (has extras) }, activity=androidx.test.core.app.InstrumentationActivityInvoker$BootstrapActivity@7e1282
09-07 05:42:06.494 28322 28322 D LifecycleMonitor: Lifecycle status change: androidx.test.core.app.InstrumentationActivityInvoker$BootstrapActivity@7e1282 in: CREATED
09-07 05:42:06.498 28322 28322 V ActivityScenario: Activity lifecycle changed event received but ignored because the intent does not match. startActivityIntent=Intent { act=android.intent.action.MAIN cat=[android.intent.category.LAUNCHER] cmp=com.example.dogglers/.MainActivity }, activity.getIntent()=Intent { act=android.intent.action.MAIN cat=[android.intent.category.LAUNCHER] flg=0x10008000 cmp=com.example.dogglers/androidx.test.core.app.InstrumentationActivityInvoker$BootstrapActivity (has extras) }, activity=androidx.test.core.app.InstrumentationActivityInvoker$BootstrapActivity@7e1282
09-07 05:42:06.499 28322 28322 D LifecycleMonitor: Lifecycle status change: androidx.test.core.app.InstrumentationActivityInvoker$BootstrapActivity@7e1282 in: STARTED
09-07 05:42:06.500 28322 28322 V ActivityScenario: Activity lifecycle changed event received but ignored because the intent does not match. startActivityIntent=Intent { act=android.intent.action.MAIN cat=[android.intent.category.LAUNCHER] cmp=com.example.dogglers/.MainActivity }, activity.getIntent()=Intent { act=android.intent.action.MAIN cat=[android.intent.category.LAUNCHER] flg=0x10008000 cmp=com.example.dogglers/androidx.test.core.app.InstrumentationActivityInvoker$BootstrapActivity (has extras) }, activity=androidx.test.core.app.InstrumentationActivityInvoker$BootstrapActivity@7e1282
09-07 05:42:06.520 28322 28322 D LifecycleMonitor: Lifecycle status change: androidx.test.core.app.InstrumentationActivityInvoker$BootstrapActivity@7e1282 in: RESUMED
09-07 05:42:06.520 28322 28322 V ActivityScenario: Activity lifecycle changed event received but ignored because the intent does not match. startActivityIntent=Intent { act=android.intent.action.MAIN cat=[android.intent.category.LAUNCHER] cmp=com.example.dogglers/.MainActivity }, activity.getIntent()=Intent { act=android.intent.action.MAIN cat=[android.intent.category.LAUNCHER] flg=0x10008000 cmp=com.example.dogglers/androidx.test.core.app.InstrumentationActivityInvoker$BootstrapActivity (has extras) }, activity=androidx.test.core.app.InstrumentationActivityInvoker$BootstrapActivity@7e1282
09-07 05:42:06.528 28322 28322 D LifecycleMonitor: Lifecycle status change: androidx.test.core.app.InstrumentationActivityInvoker$BootstrapActivity@7e1282 in: PAUSED
09-07 05:42:06.529 28322 28322 V ActivityScenario: Activity lifecycle changed event received but ignored because the intent does not match. startActivityIntent=Intent { act=android.intent.action.MAIN cat=[android.intent.category.LAUNCHER] cmp=com.example.dogglers/.MainActivity }, activity.getIntent()=Intent { act=android.intent.action.MAIN cat=[android.intent.category.LAUNCHER] flg=0x10008000 cmp=com.example.dogglers/androidx.test.core.app.InstrumentationActivityInvoker$BootstrapActivity (has extras) }, activity=androidx.test.core.app.InstrumentationActivityInvoker$BootstrapActivity@7e1282
09-07 05:42:06.552   344   384 D goldfish-address-space: claimShared: Ask to claim region [0x3ecfd0000 0x3ed974000]
09-07 05:42:06.578 28322 28322 D LifecycleMonitor: Lifecycle status change: com.example.dogglers.MainActivity@2c14afc in: PRE_ON_CREATE
09-07 05:42:06.578 28322 28322 V ActivityScenario: Activity lifecycle changed event received but ignored because the reported transition was not ON_CREATE while the last known transition was PRE_ON_CREATE
09-07 05:42:06.590   344   384 D goldfish-address-space: claimShared: Ask to claim region [0x3ed974000 0x3ee318000]
09-07 05:42:06.591  1479  1479 I GsaVoiceInteractionSrv: Handling ACTION_STOP_HOTWORD
09-07 05:42:06.591  1479  1479 E HwDetectorWithState: a: 3
09-07 05:42:06.625   344   384 D goldfish-address-space: claimShared: Ask to claim region [0x3f062c000 0x3f0fd0000]
09-07 05:42:06.708 28322 28322 D LifecycleMonitor: Lifecycle status change: com.example.dogglers.MainActivity@2c14afc in: CREATED
09-07 05:42:06.714 28322 28322 V ActivityScenario: Update currentActivityStage to CREATED, currentActivity=com.example.dogglers.MainActivity@2c14afc
09-07 05:42:06.718 28322 28322 D LifecycleMonitor: Lifecycle status change: com.example.dogglers.MainActivity@2c14afc in: STARTED
09-07 05:42:06.720 28322 28322 V ActivityScenario: Update currentActivityStage to STARTED, currentActivity=com.example.dogglers.MainActivity@2c14afc
09-07 05:42:06.726 28322 28322 D LifecycleMonitor: Lifecycle status change: com.example.dogglers.MainActivity@2c14afc in: RESUMED
09-07 05:42:06.728 28322 28322 V ActivityScenario: Update currentActivityStage to RESUMED, currentActivity=com.example.dogglers.MainActivity@2c14afc
09-07 05:42:06.750 28322 28322 D LifecycleMonitor: Lifecycle status change: androidx.test.core.app.InstrumentationActivityInvoker$BootstrapActivity@7e1282 in: STOPPED
09-07 05:42:06.750 28322 28322 V ActivityScenario: Activity lifecycle changed event received but ignored because the intent does not match. startActivityIntent=Intent { act=android.intent.action.MAIN cat=[android.intent.category.LAUNCHER] cmp=com.example.dogglers/.MainActivity }, activity.getIntent()=Intent { act=android.intent.action.MAIN cat=[android.intent.category.LAUNCHER] flg=0x10008000 cmp=com.example.dogglers/androidx.test.core.app.InstrumentationActivityInvoker$BootstrapActivity (has extras) }, activity=androidx.test.core.app.InstrumentationActivityInvoker$BootstrapActivity@7e1282
09-07 05:42:06.788   344   384 D goldfish-address-space: claimShared: Ask to claim region [0x3f6690000 0x3f7034000]
09-07 05:42:06.796   344   384 D goldfish-address-space: claimShared: Ask to claim region [0x3f4000000 0x3f49a4000]
09-07 05:42:06.802   344   384 D goldfish-address-space: claimShared: Ask to claim region [0x3f49a4000 0x3f5348000]
09-07 05:42:06.857   548   579 I ActivityTaskManager: Displayed com.example.dogglers/.MainActivity: +419ms
09-07 05:42:06.874 28322 28322 D RootViewPicker: Root not ready - waiting: 10ms for one to appear.
09-07 05:42:06.934  1328  1328 I GoogleInputMethodService: GoogleInputMethodService.onFinishInput():3420
09-07 05:42:06.938  1328  1328 I GoogleInputMethodService: GoogleInputMethodService.onStartInput():2002
09-07 05:42:06.940  1328  1328 I DeviceUnlockedTag: DeviceUnlockedTag.notifyDeviceLockStatusChanged():31 Notify device unlocked.
09-07 05:42:06.985 28322 28322 I ViewInteraction: Performing 'single click' action on view view.getId() is <2131230936/com.example.dogglers:id/grid_btn>
09-07 05:42:07.054   748   842 D EGL_emulation: app_time_stats: avg=73.63ms min=4.75ms max=598.64ms count=13
09-07 05:42:07.100 28322 28322 D LifecycleMonitor: Lifecycle status change: com.example.dogglers.MainActivity@2c14afc in: PAUSED
09-07 05:42:07.101 28322 28322 V ActivityScenario: Update currentActivityStage to PAUSED, currentActivity=com.example.dogglers.MainActivity@2c14afc
09-07 05:42:07.111   390   496 D AudioFlinger: mixer(0x7a0ad6e22a70) throttle end: throttle time(22)
09-07 05:42:07.138 28322 28322 D LifecycleMonitor: Lifecycle status change: com.example.dogglers.GridListActivity@b6e96b4 in: PRE_ON_CREATE
09-07 05:42:07.139 28322 28322 V ActivityScenario: Activity lifecycle changed event received but ignored because the intent does not match. startActivityIntent=Intent { act=android.intent.action.MAIN cat=[android.intent.category.LAUNCHER] cmp=com.example.dogglers/.MainActivity }, activity.getIntent()=Intent { cmp=com.example.dogglers/.GridListActivity }, activity=com.example.dogglers.GridListActivity@b6e96b4
09-07 05:42:07.180 28322 28322 D LifecycleMonitor: Lifecycle status change: com.example.dogglers.GridListActivity@b6e96b4 in: CREATED
09-07 05:42:07.186 28322 28322 V ActivityScenario: Activity lifecycle changed event received but ignored because the intent does not match. startActivityIntent=Intent { act=android.intent.action.MAIN cat=[android.intent.category.LAUNCHER] cmp=com.example.dogglers/.MainActivity }, activity.getIntent()=Intent { cmp=com.example.dogglers/.GridListActivity }, activity=com.example.dogglers.GridListActivity@b6e96b4
09-07 05:42:07.193 28322 28322 D LifecycleMonitor: Lifecycle status change: com.example.dogglers.GridListActivity@b6e96b4 in: STARTED
09-07 05:42:07.193 28322 28322 V ActivityScenario: Activity lifecycle changed event received but ignored because the intent does not match. startActivityIntent=Intent { act=android.intent.action.MAIN cat=[android.intent.category.LAUNCHER] cmp=com.example.dogglers/.MainActivity }, activity.getIntent()=Intent { cmp=com.example.dogglers/.GridListActivity }, activity=com.example.dogglers.GridListActivity@b6e96b4
09-07 05:42:07.197 28322 28322 D LifecycleMonitor: Lifecycle status change: com.example.dogglers.GridListActivity@b6e96b4 in: RESUMED
09-07 05:42:07.197 28322 28322 V ActivityScenario: Activity lifecycle changed event received but ignored because the intent does not match. startActivityIntent=Intent { act=android.intent.action.MAIN cat=[android.intent.category.LAUNCHER] cmp=com.example.dogglers/.MainActivity }, activity.getIntent()=Intent { cmp=com.example.dogglers/.GridListActivity }, activity=com.example.dogglers.GridListActivity@b6e96b4
09-07 05:42:07.200   548  1659 W InputManager-JNI: Input channel object 'c1f6c0 Splash Screen com.example.dogglers (client)' was disposed without first being removed with the input manager!
09-07 05:42:07.265   344   384 D goldfish-address-space: claimShared: Ask to claim region [0x3ec000000 0x3ec9a4000]
09-07 05:42:07.275   344   384 D goldfish-address-space: claimShared: Ask to claim region [0x3ee944000 0x3ef2e8000]
09-07 05:42:07.286   344   384 D goldfish-address-space: claimShared: Ask to claim region [0x3f0fd0000 0x3f1974000]
09-07 05:42:07.464   548   579 I ActivityTaskManager: Displayed com.example.dogglers/.GridListActivity: +382ms
09-07 05:42:07.517  1328  1328 I GoogleInputMethodService: GoogleInputMethodService.onFinishInput():3420
09-07 05:42:07.518  1328  1328 I GoogleInputMethodService: GoogleInputMethodService.onStartInput():2002
09-07 05:42:07.521  1328  1328 I DeviceUnlockedTag: DeviceUnlockedTag.notifyDeviceLockStatusChanged():31 Notify device unlocked.
09-07 05:42:07.794 28322 28322 I ViewInteraction: Checking 'MatchesViewAssertion{viewMatcher=(view has effective visibility <VISIBLE> and view.getGlobalVisibleRect() to return non-empty rectangle)}' assertion on view view.getId() is <2131230937/com.example.dogglers:id/grid_recycler_view>
09-07 05:42:07.832 28322 28322 D LifecycleMonitor: Lifecycle status change: com.example.dogglers.GridListActivity@b6e96b4 in: PAUSED
09-07 05:42:07.834 28322 28322 V ActivityScenario: Activity lifecycle changed event received but ignored because the intent does not match. startActivityIntent=Intent { act=android.intent.action.MAIN cat=[android.intent.category.LAUNCHER] cmp=com.example.dogglers/.MainActivity }, activity.getIntent()=Intent { cmp=com.example.dogglers/.GridListActivity }, activity=com.example.dogglers.GridListActivity@b6e96b4
09-07 05:42:07.881 28322 28349 D EGL_emulation: app_time_stats: avg=17.08ms min=2.47ms max=44.65ms count=49
09-07 05:42:07.889 28322 28322 D LifecycleMonitor: Lifecycle status change: androidx.test.core.app.InstrumentationActivityInvoker$EmptyActivity@9f2b26e in: PRE_ON_CREATE
09-07 05:42:07.890 28322 28322 V ActivityScenario: Activity lifecycle changed event received but ignored because the intent does not match. startActivityIntent=Intent { act=android.intent.action.MAIN cat=[android.intent.category.LAUNCHER] cmp=com.example.dogglers/.MainActivity }, activity.getIntent()=Intent { act=android.intent.action.MAIN cat=[android.intent.category.LAUNCHER] flg=0x10000000 cmp=com.example.dogglers/androidx.test.core.app.InstrumentationActivityInvoker$EmptyActivity }, activity=androidx.test.core.app.InstrumentationActivityInvoker$EmptyActivity@9f2b26e
09-07 05:42:07.912 28322 28322 D LifecycleMonitor: Lifecycle status change: androidx.test.core.app.InstrumentationActivityInvoker$EmptyActivity@9f2b26e in: CREATED
09-07 05:42:07.914 28322 28322 V ActivityScenario: Activity lifecycle changed event received but ignored because the intent does not match. startActivityIntent=Intent { act=android.intent.action.MAIN cat=[android.intent.category.LAUNCHER] cmp=com.example.dogglers/.MainActivity }, activity.getIntent()=Intent { act=android.intent.action.MAIN cat=[android.intent.category.LAUNCHER] flg=0x10000000 cmp=com.example.dogglers/androidx.test.core.app.InstrumentationActivityInvoker$EmptyActivity }, activity=androidx.test.core.app.InstrumentationActivityInvoker$EmptyActivity@9f2b26e
09-07 05:42:07.927 28322 28322 D LifecycleMonitor: Lifecycle status change: androidx.test.core.app.InstrumentationActivityInvoker$EmptyActivity@9f2b26e in: STARTED
09-07 05:42:07.928 28322 28322 V ActivityScenario: Activity lifecycle changed event received but ignored because the intent does not match. startActivityIntent=Intent { act=android.intent.action.MAIN cat=[android.intent.category.LAUNCHER] cmp=com.example.dogglers/.MainActivity }, activity.getIntent()=Intent { act=android.intent.action.MAIN cat=[android.intent.category.LAUNCHER] flg=0x10000000 cmp=com.example.dogglers/androidx.test.core.app.InstrumentationActivityInvoker$EmptyActivity }, activity=androidx.test.core.app.InstrumentationActivityInvoker$EmptyActivity@9f2b26e
09-07 05:42:07.931 28322 28322 D LifecycleMonitor: Lifecycle status change: androidx.test.core.app.InstrumentationActivityInvoker$EmptyActivity@9f2b26e in: RESUMED
09-07 05:42:07.932 28322 28322 V ActivityScenario: Activity lifecycle changed event received but ignored because the intent does not match. startActivityIntent=Intent { act=android.intent.action.MAIN cat=[android.intent.category.LAUNCHER] cmp=com.example.dogglers/.MainActivity }, activity.getIntent()=Intent { act=android.intent.action.MAIN cat=[android.intent.category.LAUNCHER] flg=0x10000000 cmp=com.example.dogglers/androidx.test.core.app.InstrumentationActivityInvoker$EmptyActivity }, activity=androidx.test.core.app.InstrumentationActivityInvoker$EmptyActivity@9f2b26e
09-07 05:42:08.035   344   384 D goldfish-address-space: claimShared: Ask to claim region [0x3ecfd0000 0x3ed974000]
09-07 05:42:08.057   748   842 D EGL_emulation: app_time_stats: avg=7.73ms min=1.74ms max=40.72ms count=54
09-07 05:42:08.066   344   384 D goldfish-address-space: claimShared: Ask to claim region [0x3ed974000 0x3ee318000]
09-07 05:42:08.074   344   384 D goldfish-address-space: claimShared: Ask to claim region [0x3f062c000 0x3f0fd0000]
09-07 05:42:08.089 28322 28349 D OpenGLRenderer: endAllActiveAnimators on 0x70d6e226d970 (RippleDrawable) with handle 0x70d5f2266fe0
09-07 05:42:08.101   548   579 I ActivityTaskManager: Displayed com.example.dogglers/androidx.test.core.app.InstrumentationActivityInvoker$EmptyActivity: +287ms
09-07 05:42:08.151  1328  1328 I GoogleInputMethodService: GoogleInputMethodService.onFinishInput():3420
09-07 05:42:08.151  1328  1328 I GoogleInputMethodService: GoogleInputMethodService.onStartInput():2002
09-07 05:42:08.154  1328  1328 I DeviceUnlockedTag: DeviceUnlockedTag.notifyDeviceLockStatusChanged():31 Notify device unlocked.
09-07 05:42:08.156 28322 28322 D LifecycleMonitor: Lifecycle status change: androidx.test.core.app.InstrumentationActivityInvoker$EmptyActivity@9f2b26e in: PAUSED
09-07 05:42:08.156 28322 28322 V ActivityScenario: Activity lifecycle changed event received but ignored because the intent does not match. startActivityIntent=Intent { act=android.intent.action.MAIN cat=[android.intent.category.LAUNCHER] cmp=com.example.dogglers/.MainActivity }, activity.getIntent()=Intent { act=android.intent.action.MAIN cat=[android.intent.category.LAUNCHER] flg=0x10000000 cmp=com.example.dogglers/androidx.test.core.app.InstrumentationActivityInvoker$EmptyActivity }, activity=androidx.test.core.app.InstrumentationActivityInvoker$EmptyActivity@9f2b26e
09-07 05:42:08.173 28322 28322 D LifecycleMonitor: Lifecycle status change: com.example.dogglers.GridListActivity@b6e96b4 in: STOPPED
09-07 05:42:08.174 28322 28322 V ActivityScenario: Activity lifecycle changed event received but ignored because the intent does not match. startActivityIntent=Intent { act=android.intent.action.MAIN cat=[android.intent.category.LAUNCHER] cmp=com.example.dogglers/.MainActivity }, activity.getIntent()=Intent { cmp=com.example.dogglers/.GridListActivity }, activity=com.example.dogglers.GridListActivity@b6e96b4
09-07 05:42:08.180 28322 28322 D LifecycleMonitor: Lifecycle status change: com.example.dogglers.MainActivity@2c14afc in: STOPPED
09-07 05:42:08.180 28322 28322 V ActivityScenario: Update currentActivityStage to STOPPED, currentActivity=com.example.dogglers.MainActivity@2c14afc
09-07 05:42:08.181 28322 28322 D LifecycleMonitor: Lifecycle status change: com.example.dogglers.MainActivity@2c14afc in: DESTROYED
09-07 05:42:08.182 28322 28322 V ActivityScenario: Update currentActivityStage to DESTROYED, currentActivity=null
09-07 05:42:08.186   548  1660 W InputManager-JNI: Input channel object '43551b4 com.example.dogglers/com.example.dogglers.MainActivity (client)' was disposed without first being removed with the input manager!
09-07 05:42:08.210 28322 28322 D LifecycleMonitor: Lifecycle status change: androidx.test.core.app.InstrumentationActivityInvoker$BootstrapActivity@7e1282 in: DESTROYED
09-07 05:42:08.211 28322 28322 V ActivityScenario: Activity lifecycle changed event received but ignored because the intent does not match. startActivityIntent=Intent { act=android.intent.action.MAIN cat=[android.intent.category.LAUNCHER] cmp=com.example.dogglers/.MainActivity }, activity.getIntent()=Intent { act=android.intent.action.MAIN cat=[android.intent.category.LAUNCHER] flg=0x10008000 cmp=com.example.dogglers/androidx.test.core.app.InstrumentationActivityInvoker$BootstrapActivity (has extras) }, activity=androidx.test.core.app.InstrumentationActivityInvoker$BootstrapActivity@7e1282
09-07 05:42:08.221 28322 28322 D LifecycleMonitor: Lifecycle status change: androidx.test.core.app.InstrumentationActivityInvoker$EmptyActivity@f2cc3a0 in: PRE_ON_CREATE
09-07 05:42:08.221 28322 28322 V ActivityScenario: Activity lifecycle changed event received but ignored because the intent does not match. startActivityIntent=Intent { act=android.intent.action.MAIN cat=[android.intent.category.LAUNCHER] cmp=com.example.dogglers/.MainActivity }, activity.getIntent()=Intent { act=android.intent.action.MAIN cat=[android.intent.category.LAUNCHER] flg=0x10000000 cmp=com.example.dogglers/androidx.test.core.app.InstrumentationActivityInvoker$EmptyActivity }, activity=androidx.test.core.app.InstrumentationActivityInvoker$EmptyActivity@f2cc3a0
09-07 05:42:08.229 28322 28322 D LifecycleMonitor: Lifecycle status change: androidx.test.core.app.InstrumentationActivityInvoker$EmptyActivity@f2cc3a0 in: CREATED
09-07 05:42:08.229 28322 28322 V ActivityScenario: Activity lifecycle changed event received but ignored because the intent does not match. startActivityIntent=Intent { act=android.intent.action.MAIN cat=[android.intent.category.LAUNCHER] cmp=com.example.dogglers/.MainActivity }, activity.getIntent()=Intent { act=android.intent.action.MAIN cat=[android.intent.category.LAUNCHER] flg=0x10000000 cmp=com.example.dogglers/androidx.test.core.app.InstrumentationActivityInvoker$EmptyActivity }, activity=androidx.test.core.app.InstrumentationActivityInvoker$EmptyActivity@f2cc3a0
09-07 05:42:08.233 28322 28322 D LifecycleMonitor: Lifecycle status change: androidx.test.core.app.InstrumentationActivityInvoker$EmptyActivity@f2cc3a0 in: STARTED
09-07 05:42:08.233 28322 28322 V ActivityScenario: Activity lifecycle changed event received but ignored because the intent does not match. startActivityIntent=Intent { act=android.intent.action.MAIN cat=[android.intent.category.LAUNCHER] cmp=com.example.dogglers/.MainActivity }, activity.getIntent()=Intent { act=android.intent.action.MAIN cat=[android.intent.category.LAUNCHER] flg=0x10000000 cmp=com.example.dogglers/androidx.test.core.app.InstrumentationActivityInvoker$EmptyActivity }, activity=androidx.test.core.app.InstrumentationActivityInvoker$EmptyActivity@f2cc3a0
09-07 05:42:08.235 28322 28322 D LifecycleMonitor: Lifecycle status change: androidx.test.core.app.InstrumentationActivityInvoker$EmptyActivity@f2cc3a0 in: RESUMED
09-07 05:42:08.235 28322 28322 V ActivityScenario: Activity lifecycle changed event received but ignored because the intent does not match. startActivityIntent=Intent { act=android.intent.action.MAIN cat=[android.intent.category.LAUNCHER] cmp=com.example.dogglers/.MainActivity }, activity.getIntent()=Intent { act=android.intent.action.MAIN cat=[android.intent.category.LAUNCHER] flg=0x10000000 cmp=com.example.dogglers/androidx.test.core.app.InstrumentationActivityInvoker$EmptyActivity }, activity=androidx.test.core.app.InstrumentationActivityInvoker$EmptyActivity@f2cc3a0
09-07 05:42:08.264   344   384 D goldfish-address-space: claimShared: Ask to claim region [0x3ec000000 0x3ec9a4000]
09-07 05:42:08.274   344   384 D goldfish-address-space: claimShared: Ask to claim region [0x3ee944000 0x3ef2e8000]
09-07 05:42:08.288   344   384 D goldfish-address-space: claimShared: Ask to claim region [0x3f1974000 0x3f2318000]
09-07 05:42:08.305   548   579 I ActivityTaskManager: Displayed com.example.dogglers/androidx.test.core.app.InstrumentationActivityInvoker$EmptyActivity: +187ms
09-07 05:42:08.316 28322 28322 D LifecycleMonitor: Lifecycle status change: androidx.test.core.app.InstrumentationActivityInvoker$EmptyActivity@9f2b26e in: STOPPED
09-07 05:42:08.319 28322 28322 V ActivityScenario: Activity lifecycle changed event received but ignored because the intent does not match. startActivityIntent=Intent { act=android.intent.action.MAIN cat=[android.intent.category.LAUNCHER] cmp=com.example.dogglers/.MainActivity }, activity.getIntent()=Intent { act=android.intent.action.MAIN cat=[android.intent.category.LAUNCHER] flg=0x10000000 cmp=com.example.dogglers/androidx.test.core.app.InstrumentationActivityInvoker$EmptyActivity }, activity=androidx.test.core.app.InstrumentationActivityInvoker$EmptyActivity@9f2b26e
09-07 05:42:08.337  1328  1328 I GoogleInputMethodService: GoogleInputMethodService.onFinishInput():3420
09-07 05:42:08.338  1328  1328 I GoogleInputMethodService: GoogleInputMethodService.onStartInput():2002
09-07 05:42:08.340  1328  1328 I DeviceUnlockedTag: DeviceUnlockedTag.notifyDeviceLockStatusChanged():31 Notify device unlocked.
09-07 05:42:08.354   344   384 D goldfish-address-space: claimShared: Ask to claim region [0x3ef2e8000 0x3ef914000]
09-07 05:42:08.378 28322 28322 D LifecycleMonitor: Lifecycle status change: androidx.test.core.app.InstrumentationActivityInvoker$EmptyActivity@9f2b26e in: DESTROYED
09-07 05:42:08.379 28322 28322 V ActivityScenario: Activity lifecycle changed event received but ignored because the intent does not match. startActivityIntent=Intent { act=android.intent.action.MAIN cat=[android.intent.category.LAUNCHER] cmp=com.example.dogglers/.MainActivity }, activity.getIntent()=Intent { act=android.intent.action.MAIN cat=[android.intent.category.LAUNCHER] flg=0x10000000 cmp=com.example.dogglers/androidx.test.core.app.InstrumentationActivityInvoker$EmptyActivity }, activity=androidx.test.core.app.InstrumentationActivityInvoker$EmptyActivity@9f2b26e
09-07 05:42:08.385   548  1659 W InputManager-JNI: Input channel object '77a5c99 com.example.dogglers/androidx.test.core.app.InstrumentationActivityInvoker$EmptyActivity (client)' was disposed without first being removed with the input manager!
09-07 05:42:08.397 28322 28322 D LifecycleMonitor: Lifecycle status change: androidx.test.core.app.InstrumentationActivityInvoker$EmptyActivity@f2cc3a0 in: PAUSED
09-07 05:42:08.398 28322 28322 V ActivityScenario: Activity lifecycle changed event received but ignored because the intent does not match. startActivityIntent=Intent { act=android.intent.action.MAIN cat=[android.intent.category.LAUNCHER] cmp=com.example.dogglers/.MainActivity }, activity.getIntent()=Intent { act=android.intent.action.MAIN cat=[android.intent.category.LAUNCHER] flg=0x10000000 cmp=com.example.dogglers/androidx.test.core.app.InstrumentationActivityInvoker$EmptyActivity }, activity=androidx.test.core.app.InstrumentationActivityInvoker$EmptyActivity@f2cc3a0
09-07 05:42:08.417 28322 28322 D LifecycleMonitor: Lifecycle status change: com.example.dogglers.GridListActivity@b6e96b4 in: RESTARTED
09-07 05:42:08.417 28322 28322 V ActivityScenario: Activity lifecycle changed event received but ignored because the intent does not match. startActivityIntent=Intent { act=android.intent.action.MAIN cat=[android.intent.category.LAUNCHER] cmp=com.example.dogglers/.MainActivity }, activity.getIntent()=Intent { cmp=com.example.dogglers/.GridListActivity }, activity=com.example.dogglers.GridListActivity@b6e96b4
09-07 05:42:08.418 28322 28322 D LifecycleMonitor: Lifecycle status change: com.example.dogglers.GridListActivity@b6e96b4 in: STARTED
09-07 05:42:08.420 28322 28322 V ActivityScenario: Activity lifecycle changed event received but ignored because the intent does not match. startActivityIntent=Intent { act=android.intent.action.MAIN cat=[android.intent.category.LAUNCHER] cmp=com.example.dogglers/.MainActivity }, activity.getIntent()=Intent { cmp=com.example.dogglers/.GridListActivity }, activity=com.example.dogglers.GridListActivity@b6e96b4
09-07 05:42:08.423 28322 28322 D LifecycleMonitor: Lifecycle status change: com.example.dogglers.GridListActivity@b6e96b4 in: RESUMED
09-07 05:42:08.424 28322 28322 V ActivityScenario: Activity lifecycle changed event received but ignored because the intent does not match. startActivityIntent=Intent { act=android.intent.action.MAIN cat=[android.intent.category.LAUNCHER] cmp=com.example.dogglers/.MainActivity }, activity.getIntent()=Intent { cmp=com.example.dogglers/.GridListActivity }, activity=com.example.dogglers.GridListActivity@b6e96b4
09-07 05:42:08.441   344   384 D goldfish-address-space: claimShared: Ask to claim region [0x3ecfd0000 0x3ed974000]
09-07 05:42:08.454   344   384 D goldfish-address-space: claimShared: Ask to claim region [0x3ed974000 0x3ee318000]
09-07 05:42:08.459   344   384 D goldfish-address-space: claimShared: Ask to claim region [0x3f062c000 0x3f0fd0000]
09-07 05:42:08.507 28322 28322 D LifecycleMonitor: Lifecycle status change: androidx.test.core.app.InstrumentationActivityInvoker$EmptyActivity@f2cc3a0 in: STOPPED
09-07 05:42:08.508 28322 28322 V ActivityScenario: Activity lifecycle changed event received but ignored because the intent does not match. startActivityIntent=Intent { act=android.intent.action.MAIN cat=[android.intent.category.LAUNCHER] cmp=com.example.dogglers/.MainActivity }, activity.getIntent()=Intent { act=android.intent.action.MAIN cat=[android.intent.category.LAUNCHER] flg=0x10000000 cmp=com.example.dogglers/androidx.test.core.app.InstrumentationActivityInvoker$EmptyActivity }, activity=androidx.test.core.app.InstrumentationActivityInvoker$EmptyActivity@f2cc3a0
09-07 05:42:08.522 28322 28322 D LifecycleMonitor: Lifecycle status change: androidx.test.core.app.InstrumentationActivityInvoker$EmptyActivity@f2cc3a0 in: DESTROYED
09-07 05:42:08.523 28322 28322 V ActivityScenario: Activity lifecycle changed event received but ignored because the intent does not match. startActivityIntent=Intent { act=android.intent.action.MAIN cat=[android.intent.category.LAUNCHER] cmp=com.example.dogglers/.MainActivity }, activity.getIntent()=Intent { act=android.intent.action.MAIN cat=[android.intent.category.LAUNCHER] flg=0x10000000 cmp=com.example.dogglers/androidx.test.core.app.InstrumentationActivityInvoker$EmptyActivity }, activity=androidx.test.core.app.InstrumentationActivityInvoker$EmptyActivity@f2cc3a0
09-07 05:42:08.526   548  1659 W InputManager-JNI: Input channel object 'b406428 com.example.dogglers/androidx.test.core.app.InstrumentationActivityInvoker$EmptyActivity (client)' was disposed without first being removed with the input manager!
09-07 05:42:08.538  1328  1328 I GoogleInputMethodService: GoogleInputMethodService.onFinishInput():3420
09-07 05:42:08.539  1328  1328 I GoogleInputMethodService: GoogleInputMethodService.onStartInput():2002
09-07 05:42:08.539  1328  1328 I DeviceUnlockedTag: DeviceUnlockedTag.notifyDeviceLockStatusChanged():31 Notify device unlocked.
09-07 05:42:08.571 28322 28347 I TestRunner: finished: clicking_grid_list_button_displays_grid_list(com.example.dogglers.ButtonTests)
