09-07 05:42:03.418 28322 28347 I TestRunner: started: clicking_horizontal_list_button_displays_horizontal_list(com.example.dogglers.ButtonTests)
09-07 05:42:03.435 28322 28347 W Settings: Setting always_finish_activities has moved from android.provider.Settings.System to android.provider.Settings.Global, returning read-only value.
09-07 05:42:03.472   748   836 D SplashScreenView: Build android.window.SplashScreenView{6abc17b V.E...... ......ID 0,0-0,0}
09-07 05:42:03.472   748   836 D SplashScreenView: Icon: view: null drawable: null size: 0
09-07 05:42:03.472   748   836 D SplashScreenView: Branding: view: android.view.View{c370b98 G.ED..... ......I. 0,0-0,0 #10204a6 android:id/splashscreen_branding_view} drawable: null size w: 0 h: 0
09-07 05:42:03.514 28322 28322 D LifecycleMonitor: Lifecycle status change: androidx.test.core.app.InstrumentationActivityInvoker$BootstrapActivity@8cb9273 in: PRE_ON_CREATE
09-07 05:42:03.515 28322 28322 V ActivityScenario: Activity lifecycle changed event received but ignored because the intent does not match. startActivityIntent=Intent { act=android.intent.action.MAIN cat=[android.intent.category.LAUNCHER] cmp=com.example.dogglers/.MainActivity }, activity.getIntent()=Intent { act=android.intent.action.MAIN cat=[android.intent.category.LAUNCHER] flg=0x10008000 cmp=com.example.dogglers/androidx.test.core.app.InstrumentationActivityInvoker$BootstrapActivity (has extras) }, activity=androidx.test.core.app.InstrumentationActivityInvoker$BootstrapActivity@8cb9273
09-07 05:42:03.527 28322 28322 D LifecycleMonitor: Lifecycle status change: androidx.test.core.app.InstrumentationActivityInvoker$BootstrapActivity@8cb9273 in: CREATED
09-07 05:42:03.527 28322 28322 V ActivityScenario: Activity lifecycle changed event received but ignored because the intent does not match. startActivityIntent=Intent { act=android.intent.action.MAIN cat=[android.intent.category.LAUNCHER] cmp=com.example.dogglers/.MainActivity }, activity.getIntent()=Intent { act=android.intent.action.MAIN cat=[android.intent.category.LAUNCHER] flg=0x10008000 cmp=com.example.dogglers/androidx.test.core.app.InstrumentationActivityInvoker$BootstrapActivity (has extras) }, activity=androidx.test.core.app.InstrumentationActivityInvoker$BootstrapActivity@8cb9273
09-07 05:42:03.529 28322 28322 D LifecycleMonitor: Lifecycle status change: androidx.test.core.app.InstrumentationActivityInvoker$BootstrapActivity@8cb9273 in: STARTED
09-07 05:42:03.540 28322 28322 V ActivityScenario: Activity lifecycle changed event received but ignored because the intent does not match. startActivityIntent=Intent { act=android.intent.action.MAIN cat=[android.intent.category.LAUNCHER] cmp=com.example.dogglers/.MainActivity }, activity.getIntent()=Intent { act=android.intent.action.MAIN cat=[android.intent.category.LAUNCHER] flg=0x10008000 cmp=com.example.dogglers/androidx.test.core.app.InstrumentationActivityInvoker$BootstrapActivity (has extras) }, activity=androidx.test.core.app.InstrumentationActivityInvoker$BootstrapActivity@8cb9273
09-07 05:42:03.542   344   384 D goldfish-address-space: claimShared: Ask to claim region [0x3ec9a4000 0x3ed348000]
09-07 05:42:03.573   344   384 D goldfish-address-space: claimShared: Ask to claim region [0x3ed348000 0x3edcec000]
09-07 05:42:03.575 28322 28322 D LifecycleMonitor: Lifecycle status change: androidx.test.core.app.InstrumentationActivityInvoker$BootstrapActivity@8cb9273 in: RESUMED
09-07 05:42:03.577 28322 28322 V ActivityScenario: Activity lifecycle changed event received but ignored because the intent does not match. startActivityIntent=Intent { act=android.intent.action.MAIN cat=[android.intent.category.LAUNCHER] cmp=com.example.dogglers/.MainActivity }, activity.getIntent()=Intent { act=android.intent.action.MAIN cat=[android.intent.category.LAUNCHER] flg=0x10008000 cmp=com.example.dogglers/androidx.test.core.app.InstrumentationActivityInvoker$BootstrapActivity (has extras) }, activity=androidx.test.core.app.InstrumentationActivityInvoker$BootstrapActivity@8cb9273
09-07 05:42:03.588  1479  1479 I GsaVoiceInteractionSrv: Handling ACTION_STOP_HOTWORD
09-07 05:42:03.589  1479  1479 E HwDetectorWithState: a: 3
09-07 05:42:03.589 28322 28322 D LifecycleMonitor: Lifecycle status change: androidx.test.core.app.InstrumentationActivityInvoker$BootstrapActivity@8cb9273 in: PAUSED
09-07 05:42:03.589 28322 28322 V ActivityScenario: Activity lifecycle changed event received but ignored because the intent does not match. startActivityIntent=Intent { act=android.intent.action.MAIN cat=[android.intent.category.LAUNCHER] cmp=com.example.dogglers/.MainActivity }, activity.getIntent()=Intent { act=android.intent.action.MAIN cat=[android.intent.category.LAUNCHER] flg=0x10008000 cmp=com.example.dogglers/androidx.test.core.app.InstrumentationActivityInvoker$BootstrapActivity (has extras) }, activity=androidx.test.core.app.InstrumentationActivityInvoker$BootstrapActivity@8cb9273
09-07 05:42:03.591   344   384 D goldfish-address-space: claimShared: Ask to claim region [0x3edcec000 0x3ee690000]
09-07 05:42:03.611 28322 28322 D LifecycleMonitor: Lifecycle status change: com.example.dogglers.MainActivity@2b9a365 in: PRE_ON_CREATE
09-07 05:42:03.612 28322 28322 V ActivityScenario: Activity lifecycle changed event received but ignored because the reported transition was not ON_CREATE while the last known transition was PRE_ON_CREATE
09-07 05:42:03.689 28322 28322 D LifecycleMonitor: Lifecycle status change: com.example.dogglers.MainActivity@2b9a365 in: CREATED
09-07 05:42:03.691 28322 28322 V ActivityScenario: Update currentActivityStage to CREATED, currentActivity=com.example.dogglers.MainActivity@2b9a365
09-07 05:42:03.699 28322 28322 D LifecycleMonitor: Lifecycle status change: com.example.dogglers.MainActivity@2b9a365 in: STARTED
09-07 05:42:03.699 28322 28322 V ActivityScenario: Update currentActivityStage to STARTED, currentActivity=com.example.dogglers.MainActivity@2b9a365
09-07 05:42:03.702 28322 28322 D LifecycleMonitor: Lifecycle status change: com.example.dogglers.MainActivity@2b9a365 in: RESUMED
09-07 05:42:03.703 28322 28322 V ActivityScenario: Update currentActivityStage to RESUMED, currentActivity=com.example.dogglers.MainActivity@2b9a365
09-07 05:42:03.732 28322 28322 D LifecycleMonitor: Lifecycle status change: androidx.test.core.app.InstrumentationActivityInvoker$BootstrapActivity@8cb9273 in: STOPPED
09-07 05:42:03.733 28322 28322 V ActivityScenario: Activity lifecycle changed event received but ignored because the intent does not match. startActivityIntent=Intent { act=android.intent.action.MAIN cat=[android.intent.category.LAUNCHER] cmp=com.example.dogglers/.MainActivity }, activity.getIntent()=Intent { act=android.intent.action.MAIN cat=[android.intent.category.LAUNCHER] flg=0x10008000 cmp=com.example.dogglers/androidx.test.core.app.InstrumentationActivityInvoker$BootstrapActivity (has extras) }, activity=androidx.test.core.app.InstrumentationActivityInvoker$BootstrapActivity@8cb9273
09-07 05:42:03.772   344   384 D goldfish-address-space: claimShared: Ask to claim region [0x3ee690000 0x3ef034000]
09-07 05:42:03.790   344   384 D goldfish-address-space: claimShared: Ask to claim region [0x3ef034000 0x3ef9d8000]
09-07 05:42:03.794   344   384 D goldfish-address-space: claimShared: Ask to claim region [0x3f062c000 0x3f0fd0000]
09-07 05:42:03.855   548   579 I ActivityTaskManager: Displayed com.example.dogglers/.MainActivity: +381ms
09-07 05:42:03.914  1328  1328 I GoogleInputMethodService: GoogleInputMethodService.onFinishInput():3420
09-07 05:42:03.915  1328  1328 I GoogleInputMethodService: GoogleInputMethodService.onStartInput():2002
09-07 05:42:03.918  1328  1328 I DeviceUnlockedTag: DeviceUnlockedTag.notifyDeviceLockStatusChanged():31 Notify device unlocked.
09-07 05:42:03.962  1735  1735 I A       : onApplyWindowInsets: systemWindowInsets=Insets{left=0, top=145, right=0, bottom=132}
09-07 05:42:03.963  1735  1735 I A       : onApplyWindowInsets: Adjusting for display cutouts. Safe insets: left=0, top=136, right=0, bottom=0
09-07 05:42:03.966  1735  1735 I A       : onApplyWindowInsets: systemWindowInsets=Insets{left=0, top=145, right=0, bottom=132}
09-07 05:42:03.988   748   842 D EGL_emulation: app_time_stats: avg=96.90ms min=15.09ms max=662.16ms count=11
09-07 05:42:04.027 28322 28347 W xample.doggler: Accessing hidden method Landroid/view/ViewConfiguration;->getDoubleTapMinTime()I (unsupported, reflection, allowed)
09-07 05:42:04.039 28322 28322 I ViewInteraction: Performing 'single click' action on view view.getId() is <2131230947/com.example.dogglers:id/horizontal_btn>
09-07 05:42:04.173   548  2189 W InputManager-JNI: Input channel object 'b5c9881 Splash Screen com.example.dogglers (client)' was disposed without first being removed with the input manager!
09-07 05:42:04.199   390   496 D AudioFlinger: mixer(0x7a0ad6e22a70) throttle end: throttle time(10)
09-07 05:42:04.218 28322 28322 D LifecycleMonitor: Lifecycle status change: com.example.dogglers.MainActivity@2b9a365 in: PAUSED
09-07 05:42:04.219 28322 28322 V ActivityScenario: Update currentActivityStage to PAUSED, currentActivity=com.example.dogglers.MainActivity@2b9a365
09-07 05:42:04.258 28322 28322 D LifecycleMonitor: Lifecycle status change: com.example.dogglers.HorizontalListActivity@a9d4b5f in: PRE_ON_CREATE
09-07 05:42:04.263 28322 28322 V ActivityScenario: Activity lifecycle changed event received but ignored because the intent does not match. startActivityIntent=Intent { act=android.intent.action.MAIN cat=[android.intent.category.LAUNCHER] cmp=com.example.dogglers/.MainActivity }, activity.getIntent()=Intent { cmp=com.example.dogglers/.HorizontalListActivity }, activity=com.example.dogglers.HorizontalListActivity@a9d4b5f
09-07 05:42:04.439 28322 28322 D LifecycleMonitor: Lifecycle status change: com.example.dogglers.HorizontalListActivity@a9d4b5f in: CREATED
09-07 05:42:04.440 28322 28322 V ActivityScenario: Activity lifecycle changed event received but ignored because the intent does not match. startActivityIntent=Intent { act=android.intent.action.MAIN cat=[android.intent.category.LAUNCHER] cmp=com.example.dogglers/.MainActivity }, activity.getIntent()=Intent { cmp=com.example.dogglers/.HorizontalListActivity }, activity=com.example.dogglers.HorizontalListActivity@a9d4b5f
09-07 05:42:04.446 28322 28322 D LifecycleMonitor: Lifecycle status change: com.example.dogglers.HorizontalListActivity@a9d4b5f in: STARTED
09-07 05:42:04.448 28322 28322 V ActivityScenario: Activity lifecycle changed event received but ignored because the intent does not match. startActivityIntent=Intent { act=android.intent.action.MAIN cat=[android.intent.category.LAUNCHER] cmp=com.example.dogglers/.MainActivity }, activity.getIntent()=Intent { cmp=com.example.dogglers/.HorizontalListActivity }, activity=com.example.dogglers.HorizontalListActivity@a9d4b5f
09-07 05:42:04.450 28322 28322 D LifecycleMonitor: Lifecycle status change: com.example.dogglers.HorizontalListActivity@a9d4b5f in: RESUMED
09-07 05:42:04.453 28322 28322 V ActivityScenario: Activity lifecycle changed event received but ignored because the intent does not match. startActivityIntent=Intent { act=android.intent.action.MAIN cat=[android.intent.category.LAUNCHER] cmp=com.example.dogglers/.MainActivity }, activity.getIntent()=Intent { cmp=com.example.dogglers/.HorizontalListActivity }, activity=com.example.dogglers.HorizontalListActivity@a9d4b5f
09-07 05:42:04.552   344   384 D goldfish-address-space: claimShared: Ask to claim region [0x3ec000000 0x3ec9a4000]
09-07 05:42:04.567   344   384 D goldfish-address-space: claimShared: Ask to claim region [0x3ec9a4000 0x3ed348000]
09-07 05:42:04.569   344   384 D goldfish-address-space: claimShared: Ask to claim region [0x3ed348000 0x3edcec000]
09-07 05:42:04.659   548   579 I ActivityTaskManager: Displayed com.example.dogglers/.HorizontalListActivity: +477ms
09-07 05:42:04.687  1328  1328 I GoogleInputMethodService: GoogleInputMethodService.onFinishInput():3420
09-07 05:42:04.687  1328  1328 I GoogleInputMethodService: GoogleInputMethodService.onStartInput():2002
09-07 05:42:04.688  1328  1328 I DeviceUnlockedTag: DeviceUnlockedTag.notifyDeviceLockStatusChanged():31 Notify device unlocked.
09-07 05:42:04.883 28322 28349 D EGL_emulation: app_time_stats: avg=15.57ms min=1.69ms max=93.65ms count=54
09-07 05:42:04.948 28322 28322 I ViewInteraction: Checking 'MatchesViewAssertion{viewMatcher=(view has effective visibility <VISIBLE> and view.getGlobalVisibleRect() to return non-empty rectangle)}' assertion on view view.getId() is <2131230949/com.example.dogglers:id/horizontal_recycler_view>
09-07 05:42:04.967 28322 28322 D LifecycleMonitor: Lifecycle status change: com.example.dogglers.HorizontalListActivity@a9d4b5f in: PAUSED
09-07 05:42:04.970 28322 28322 V ActivityScenario: Activity lifecycle changed event received but ignored because the intent does not match. startActivityIntent=Intent { act=android.intent.action.MAIN cat=[android.intent.category.LAUNCHER] cmp=com.example.dogglers/.MainActivity }, activity.getIntent()=Intent { cmp=com.example.dogglers/.HorizontalListActivity }, activity=com.example.dogglers.HorizontalListActivity@a9d4b5f
09-07 05:42:04.989   748   842 D EGL_emulation: app_time_stats: avg=5.34ms min=1.05ms max=28.55ms count=59
09-07 05:42:04.995 28322 28322 D LifecycleMonitor: Lifecycle status change: androidx.test.core.app.InstrumentationActivityInvoker$EmptyActivity@3cb3ab1 in: PRE_ON_CREATE
09-07 05:42:04.995 28322 28322 V ActivityScenario: Activity lifecycle changed event received but ignored because the intent does not match. startActivityIntent=Intent { act=android.intent.action.MAIN cat=[android.intent.category.LAUNCHER] cmp=com.example.dogglers/.MainActivity }, activity.getIntent()=Intent { act=android.intent.action.MAIN cat=[android.intent.category.LAUNCHER] flg=0x10000000 cmp=com.example.dogglers/androidx.test.core.app.InstrumentationActivityInvoker$EmptyActivity }, activity=androidx.test.core.app.InstrumentationActivityInvoker$EmptyActivity@3cb3ab1
09-07 05:42:05.004 28322 28322 D LifecycleMonitor: Lifecycle status change: androidx.test.core.app.InstrumentationActivityInvoker$EmptyActivity@3cb3ab1 in: CREATED
09-07 05:42:05.005 28322 28322 V ActivityScenario: Activity lifecycle changed event received but ignored because the intent does not match. startActivityIntent=Intent { act=android.intent.action.MAIN cat=[android.intent.category.LAUNCHER] cmp=com.example.dogglers/.MainActivity }, activity.getIntent()=Intent { act=android.intent.action.MAIN cat=[android.intent.category.LAUNCHER] flg=0x10000000 cmp=com.example.dogglers/androidx.test.core.app.InstrumentationActivityInvoker$EmptyActivity }, activity=androidx.test.core.app.InstrumentationActivityInvoker$EmptyActivity@3cb3ab1
09-07 05:42:05.013 28322 28322 D LifecycleMonitor: Lifecycle status change: androidx.test.core.app.InstrumentationActivityInvoker$EmptyActivity@3cb3ab1 in: STARTED
09-07 05:42:05.013 28322 28322 V ActivityScenario: Activity lifecycle changed event received but ignored because the intent does not match. startActivityIntent=Intent { act=android.intent.action.MAIN cat=[android.intent.category.LAUNCHER] cmp=com.example.dogglers/.MainActivity }, activity.getIntent()=Intent { act=android.intent.action.MAIN cat=[android.intent.category.LAUNCHER] flg=0x10000000 cmp=com.example.dogglers/androidx.test.core.app.InstrumentationActivityInvoker$EmptyActivity }, activity=androidx.test.core.app.InstrumentationActivityInvoker$EmptyActivity@3cb3ab1
09-07 05:42:05.018 28322 28322 D LifecycleMonitor: Lifecycle status change: androidx.test.core.app.InstrumentationActivityInvoker$EmptyActivity@3cb3ab1 in: RESUMED
09-07 05:42:05.018 28322 28322 V ActivityScenario: Activity lifecycle changed event received but ignored because the intent does not match. startActivityIntent=Intent { act=android.intent.action.MAIN cat=[android.intent.category.LAUNCHER] cmp=com.example.dogglers/.MainActivity }, activity.getIntent()=Intent { act=android.intent.action.MAIN cat=[android.intent.category.LAUNCHER] flg=0x10000000 cmp=com.example.dogglers/androidx.test.core.app.InstrumentationActivityInvoker$EmptyActivity }, activity=androidx.test.core.app.InstrumentationActivityInvoker$EmptyActivity@3cb3ab1
09-07 05:42:05.045   344   384 D goldfish-address-space: claimShared: Ask to claim region [0x3edcec000 0x3ee690000]
09-07 05:42:05.051   344   384 D goldfish-address-space: claimShared: Ask to claim region [0x3f0fd0000 0x3f1974000]
09-07 05:42:05.055   344   384 D goldfish-address-space: claimShared: Ask to claim region [0x3f1974000 0x3f2318000]
09-07 05:42:05.075   548   579 I ActivityTaskManager: Displayed com.example.dogglers/androidx.test.core.app.InstrumentationActivityInvoker$EmptyActivity: +114ms
09-07 05:42:05.117 28322 28322 D LifecycleMonitor: Lifecycle status change: com.example.dogglers.MainActivity@2b9a365 in: STOPPED
09-07 05:42:05.118 28322 28322 V ActivityScenario: Update currentActivityStage to STOPPED, currentActivity=com.example.dogglers.MainActivity@2b9a365
09-07 05:42:05.119 28322 28322 D LifecycleMonitor: Lifecycle status change: com.example.dogglers.MainActivity@2b9a365 in: DESTROYED
09-07 05:42:05.120 28322 28322 V ActivityScenario: Update currentActivityStage to DESTROYED, currentActivity=null
09-07 05:42:05.123   548  1658 W InputManager-JNI: Input channel object '71755e5 com.example.dogglers/com.example.dogglers.MainActivity (client)' was disposed without first being removed with the input manager!
09-07 05:42:05.138 28322 28322 D LifecycleMonitor: Lifecycle status change: com.example.dogglers.HorizontalListActivity@a9d4b5f in: STOPPED
09-07 05:42:05.138 28322 28322 V ActivityScenario: Activity lifecycle changed event received but ignored because the intent does not match. startActivityIntent=Intent { act=android.intent.action.MAIN cat=[android.intent.category.LAUNCHER] cmp=com.example.dogglers/.MainActivity }, activity.getIntent()=Intent { cmp=com.example.dogglers/.HorizontalListActivity }, activity=com.example.dogglers.HorizontalListActivity@a9d4b5f
09-07 05:42:05.156 28322 28322 D LifecycleMonitor: Lifecycle status change: androidx.test.core.app.InstrumentationActivityInvoker$EmptyActivity@3cb3ab1 in: PAUSED
09-07 05:42:05.159 28322 28322 V ActivityScenario: Activity lifecycle changed event received but ignored because the intent does not match. startActivityIntent=Intent { act=android.intent.action.MAIN cat=[android.intent.category.LAUNCHER] cmp=com.example.dogglers/.MainActivity }, activity.getIntent()=Intent { act=android.intent.action.MAIN cat=[android.intent.category.LAUNCHER] flg=0x10000000 cmp=com.example.dogglers/androidx.test.core.app.InstrumentationActivityInvoker$EmptyActivity }, activity=androidx.test.core.app.InstrumentationActivityInvoker$EmptyActivity@3cb3ab1
09-07 05:42:05.181 28322 28322 D LifecycleMonitor: Lifecycle status change: androidx.test.core.app.InstrumentationActivityInvoker$BootstrapActivity@8cb9273 in: DESTROYED
09-07 05:42:05.182 28322 28322 V ActivityScenario: Activity lifecycle changed event received but ignored because the intent does not match. startActivityIntent=Intent { act=android.intent.action.MAIN cat=[android.intent.category.LAUNCHER] cmp=com.example.dogglers/.MainActivity }, activity.getIntent()=Intent { act=android.intent.action.MAIN cat=[android.intent.category.LAUNCHER] flg=0x10008000 cmp=com.example.dogglers/androidx.test.core.app.InstrumentationActivityInvoker$BootstrapActivity (has extras) }, activity=androidx.test.core.app.InstrumentationActivityInvoker$BootstrapActivity@8cb9273
09-07 05:42:05.195 28322 28322 D LifecycleMonitor: Lifecycle status change: androidx.test.core.app.InstrumentationActivityInvoker$EmptyActivity@649646 in: PRE_ON_CREATE
09-07 05:42:05.195 28322 28322 V ActivityScenario: Activity lifecycle changed event received but ignored because the intent does not match. startActivityIntent=Intent { act=android.intent.action.MAIN cat=[android.intent.category.LAUNCHER] cmp=com.example.dogglers/.MainActivity }, activity.getIntent()=Intent { act=android.intent.action.MAIN cat=[android.intent.category.LAUNCHER] flg=0x10000000 cmp=com.example.dogglers/androidx.test.core.app.InstrumentationActivityInvoker$EmptyActivity }, activity=androidx.test.core.app.InstrumentationActivityInvoker$EmptyActivity@649646
09-07 05:42:05.206 28322 28322 D LifecycleMonitor: Lifecycle status change: androidx.test.core.app.InstrumentationActivityInvoker$EmptyActivity@649646 in: CREATED
09-07 05:42:05.207 28322 28322 V ActivityScenario: Activity lifecycle changed event received but ignored because the intent does not match. startActivityIntent=Intent { act=android.intent.action.MAIN cat=[android.intent.category.LAUNCHER] cmp=com.example.dogglers/.MainActivity }, activity.getIntent()=Intent { act=android.intent.action.MAIN cat=[android.intent.category.LAUNCHER] flg=0x10000000 cmp=com.example.dogglers/androidx.test.core.app.InstrumentationActivityInvoker$EmptyActivity }, activity=androidx.test.core.app.InstrumentationActivityInvoker$EmptyActivity@649646
09-07 05:42:05.240 28322 28322 D LifecycleMonitor: Lifecycle status change: androidx.test.core.app.InstrumentationActivityInvoker$EmptyActivity@649646 in: STARTED
09-07 05:42:05.246 28322 28322 V ActivityScenario: Activity lifecycle changed event received but ignored because the intent does not match. startActivityIntent=Intent { act=android.intent.action.MAIN cat=[android.intent.category.LAUNCHER] cmp=com.example.dogglers/.MainActivity }, activity.getIntent()=Intent { act=android.intent.action.MAIN cat=[android.intent.category.LAUNCHER] flg=0x10000000 cmp=com.example.dogglers/androidx.test.core.app.InstrumentationActivityInvoker$EmptyActivity }, activity=androidx.test.core.app.InstrumentationActivityInvoker$EmptyActivity@649646
09-07 05:42:05.253 28322 28322 D LifecycleMonitor: Lifecycle status change: androidx.test.core.app.InstrumentationActivityInvoker$EmptyActivity@649646 in: RESUMED
09-07 05:42:05.253 28322 28322 V ActivityScenario: Activity lifecycle changed event received but ignored because the intent does not match. startActivityIntent=Intent { act=android.intent.action.MAIN cat=[android.intent.category.LAUNCHER] cmp=com.example.dogglers/.MainActivity }, activity.getIntent()=Intent { act=android.intent.action.MAIN cat=[android.intent.category.LAUNCHER] flg=0x10000000 cmp=com.example.dogglers/androidx.test.core.app.InstrumentationActivityInvoker$EmptyActivity }, activity=androidx.test.core.app.InstrumentationActivityInvoker$EmptyActivity@649646
09-07 05:42:05.298   344   384 D goldfish-address-space: claimShared: Ask to claim region [0x3ee690000 0x3ef034000]
09-07 05:42:05.321   344   384 D goldfish-address-space: claimShared: Ask to claim region [0x3ef034000 0x3ef9d8000]
09-07 05:42:05.332   344   384 D goldfish-address-space: claimShared: Ask to claim region [0x3ec000000 0x3ec9a4000]
09-07 05:42:05.339   548   579 I ActivityTaskManager: Displayed com.example.dogglers/androidx.test.core.app.InstrumentationActivityInvoker$EmptyActivity: +250ms
09-07 05:42:05.354 28322 28322 D LifecycleMonitor: Lifecycle status change: androidx.test.core.app.InstrumentationActivityInvoker$EmptyActivity@3cb3ab1 in: STOPPED
09-07 05:42:05.355 28322 28322 V ActivityScenario: Activity lifecycle changed event received but ignored because the intent does not match. startActivityIntent=Intent { act=android.intent.action.MAIN cat=[android.intent.category.LAUNCHER] cmp=com.example.dogglers/.MainActivity }, activity.getIntent()=Intent { act=android.intent.action.MAIN cat=[android.intent.category.LAUNCHER] flg=0x10000000 cmp=com.example.dogglers/androidx.test.core.app.InstrumentationActivityInvoker$EmptyActivity }, activity=androidx.test.core.app.InstrumentationActivityInvoker$EmptyActivity@3cb3ab1
09-07 05:42:05.386   344   384 D goldfish-address-space: claimShared: Ask to claim region [0x3ec9a4000 0x3ecfd0000]
09-07 05:42:05.428 28322 28322 D LifecycleMonitor: Lifecycle status change: androidx.test.core.app.InstrumentationActivityInvoker$EmptyActivity@3cb3ab1 in: DESTROYED
09-07 05:42:05.429 28322 28322 V ActivityScenario: Activity lifecycle changed event received but ignored because the intent does not match. startActivityIntent=Intent { act=android.intent.action.MAIN cat=[android.intent.category.LAUNCHER] cmp=com.example.dogglers/.MainActivity }, activity.getIntent()=Intent { act=android.intent.action.MAIN cat=[android.intent.category.LAUNCHER] flg=0x10000000 cmp=com.example.dogglers/androidx.test.core.app.InstrumentationActivityInvoker$EmptyActivity }, activity=androidx.test.core.app.InstrumentationActivityInvoker$EmptyActivity@3cb3ab1
09-07 05:42:05.434  1328  1328 I GoogleInputMethodService: GoogleInputMethodService.onFinishInput():3420
09-07 05:42:05.438  1328  1328 I GoogleInputMethodService: GoogleInputMethodService.onStartInput():2002
09-07 05:42:05.444   548  2189 W InputManager-JNI: Input channel object '5e1eb8 com.example.dogglers/androidx.test.core.app.InstrumentationActivityInvoker$EmptyActivity (client)' was disposed without first being removed with the input manager!
09-07 05:42:05.445  1328  1328 I DeviceUnlockedTag: DeviceUnlockedTag.notifyDeviceLockStatusChanged():31 Notify device unlocked.
09-07 05:42:05.454 28322 28322 D LifecycleMonitor: Lifecycle status change: androidx.test.core.app.InstrumentationActivityInvoker$EmptyActivity@649646 in: PAUSED
09-07 05:42:05.454 28322 28322 V ActivityScenario: Activity lifecycle changed event received but ignored because the intent does not match. startActivityIntent=Intent { act=android.intent.action.MAIN cat=[android.intent.category.LAUNCHER] cmp=com.example.dogglers/.MainActivity }, activity.getIntent()=Intent { act=android.intent.action.MAIN cat=[android.intent.category.LAUNCHER] flg=0x10000000 cmp=com.example.dogglers/androidx.test.core.app.InstrumentationActivityInvoker$EmptyActivity }, activity=androidx.test.core.app.InstrumentationActivityInvoker$EmptyActivity@649646
09-07 05:42:05.480 28322 28322 D LifecycleMonitor: Lifecycle status change: com.example.dogglers.HorizontalListActivity@a9d4b5f in: RESTARTED
09-07 05:42:05.480 28322 28322 V ActivityScenario: Activity lifecycle changed event received but ignored because the intent does not match. startActivityIntent=Intent { act=android.intent.action.MAIN cat=[android.intent.category.LAUNCHER] cmp=com.example.dogglers/.MainActivity }, activity.getIntent()=Intent { cmp=com.example.dogglers/.HorizontalListActivity }, activity=com.example.dogglers.HorizontalListActivity@a9d4b5f
09-07 05:42:05.488 28322 28322 D LifecycleMonitor: Lifecycle status change: com.example.dogglers.HorizontalListActivity@a9d4b5f in: STARTED
09-07 05:42:05.488 28322 28322 V ActivityScenario: Activity lifecycle changed event received but ignored because the intent does not match. startActivityIntent=Intent { act=android.intent.action.MAIN cat=[android.intent.category.LAUNCHER] cmp=com.example.dogglers/.MainActivity }, activity.getIntent()=Intent { cmp=com.example.dogglers/.HorizontalListActivity }, activity=com.example.dogglers.HorizontalListActivity@a9d4b5f
09-07 05:42:05.495 28322 28322 D LifecycleMonitor: Lifecycle status change: com.example.dogglers.HorizontalListActivity@a9d4b5f in: RESUMED
09-07 05:42:05.495 28322 28322 V ActivityScenario: Activity lifecycle changed event received but ignored because the intent does not match. startActivityIntent=Intent { act=android.intent.action.MAIN cat=[android.intent.category.LAUNCHER] cmp=com.example.dogglers/.MainActivity }, activity.getIntent()=Intent { cmp=com.example.dogglers/.HorizontalListActivity }, activity=com.example.dogglers.HorizontalListActivity@a9d4b5f
09-07 05:42:05.541   344   384 D goldfish-address-space: claimShared: Ask to claim region [0x3ecfd0000 0x3ed974000]
09-07 05:42:05.567   344   384 D goldfish-address-space: claimShared: Ask to claim region [0x3ed974000 0x3ee318000]
09-07 05:42:05.569   344  7305 D goldfish-address-space: claimShared: Ask to claim region [0x3f062c000 0x3f0fd0000]
09-07 05:42:05.607 28322 28322 D LifecycleMonitor: Lifecycle status change: androidx.test.core.app.InstrumentationActivityInvoker$EmptyActivity@649646 in: STOPPED
09-07 05:42:05.623 28322 28322 V ActivityScenario: Activity lifecycle changed event received but ignored because the intent does not match. startActivityIntent=Intent { act=android.intent.action.MAIN cat=[android.intent.category.LAUNCHER] cmp=com.example.dogglers/.MainActivity }, activity.getIntent()=Intent { act=android.intent.action.MAIN cat=[android.intent.category.LAUNCHER] flg=0x10000000 cmp=com.example.dogglers/androidx.test.core.app.InstrumentationActivityInvoker$EmptyActivity }, activity=androidx.test.core.app.InstrumentationActivityInvoker$EmptyActivity@649646
09-07 05:42:05.631 28322 28322 D LifecycleMonitor: Lifecycle status change: androidx.test.core.app.InstrumentationActivityInvoker$EmptyActivity@649646 in: DESTROYED
09-07 05:42:05.632 28322 28322 V ActivityScenario: Activity lifecycle changed event received but ignored because the intent does not match. startActivityIntent=Intent { act=android.intent.action.MAIN cat=[android.intent.category.LAUNCHER] cmp=com.example.dogglers/.MainActivity }, activity.getIntent()=Intent { act=android.intent.action.MAIN cat=[android.intent.category.LAUNCHER] flg=0x10000000 cmp=com.example.dogglers/androidx.test.core.app.InstrumentationActivityInvoker$EmptyActivity }, activity=androidx.test.core.app.InstrumentationActivityInvoker$EmptyActivity@649646
09-07 05:42:05.637   548  3286 W InputManager-JNI: Input channel object '7324a00 com.example.dogglers/androidx.test.core.app.InstrumentationActivityInvoker$EmptyActivity (client)' was disposed without first being removed with the input manager!
09-07 05:42:05.658  1328  1328 I GoogleInputMethodService: GoogleInputMethodService.onFinishInput():3420
09-07 05:42:05.658  1328  1328 I GoogleInputMethodService: GoogleInputMethodService.onStartInput():2002
09-07 05:42:05.659  1328  1328 I DeviceUnlockedTag: DeviceUnlockedTag.notifyDeviceLockStatusChanged():31 Notify device unlocked.
09-07 05:42:05.688 28322 28347 I TestRunner: finished: clicking_horizontal_list_button_displays_horizontal_list(com.example.dogglers.ButtonTests)
